2026-05-31T21:54:55.325069Z TRACE ThreadId(01) version: 1.19.1
2026-05-31T21:54:55.325152Z TRACE ThreadId(01) platform: windows
2026-05-31T21:54:55.325178Z TRACE ThreadId(01) args: [
    "C:\\Users\\innov\\AppData\\Local\\Microsoft\\WinGet\\Packages\\BrettMayson.HEMTT_Microsoft.Winget.Source_8wekyb3d8bbwe\\hemtt.exe",
    "build",
]
2026-05-31T21:54:55.328071Z TRACE ThreadId(01) using temporary folder: "C:\\Users\\innov\\AppData\\Local\\Temp\\hemtt\\IDSolutions_forge_arma_mod"
2026-05-31T21:54:55.328103Z TRACE ThreadId(01) using project folder: "F:\\IDSolutions\\forge\\arma\\mod"
2026-05-31T21:54:55.328158Z TRACE ThreadId(01) using out folder: "F:\\IDSolutions\\forge\\arma\\mod\\.hemttout"
2026-05-31T21:54:55.328760Z TRACE ThreadId(01) using build folder: "F:\\IDSolutions\\forge\\arma\\mod\\.hemttout\\build"
2026-05-31T21:54:55.335953Z TRACE ThreadId(01) Prefix: VfsPath { path: "/addons/common/$PBOPREFIX$", fs: VFS { fs: OverlayFS { layers: [VfsPath { path: "", fs: VFS { fs: In Memory File System } }, VfsPath { path: "", fs: VFS { fs: AltrootFS { root: VfsPath { path: "", fs: VFS { fs: PhysicalFS { root: "C:\\Users\\innov\\AppData\\Local\\Temp\\hemtt\\IDSolutions_forge_arma_mod\\hemtt_binarize_output" } } } } } }, VfsPath { path: "", fs: VFS { fs: AltrootFS { root: VfsPath { path: "", fs: VFS { fs: PhysicalFS { root: "F:\\IDSolutions\\forge\\arma\\mod" } } } } } }] } } }
2026-05-31T21:54:55.336332Z TRACE ThreadId(01) config.cpp: VfsPath { path: "/addons/common/config.cpp", fs: VFS { fs: OverlayFS { layers: [VfsPath { path: "", fs: VFS { fs: In Memory File System } }, VfsPath { path: "", fs: VFS { fs: AltrootFS { root: VfsPath { path: "", fs: VFS { fs: PhysicalFS { root: "C:\\Users\\innov\\AppData\\Local\\Temp\\hemtt\\IDSolutions_forge_arma_mod\\hemtt_binarize_output" } } } } } }, VfsPath { path: "", fs: VFS { fs: AltrootFS { root: VfsPath { path: "", fs: VFS { fs: PhysicalFS { root: "F:\\IDSolutions\\forge\\arma\\mod" } } } } } }] } } }
2026-05-31T21:54:55.336834Z TRACE ThreadId(01) Prefix: VfsPath { path: "/addons/main/$PBOPREFIX$", fs: VFS { fs: OverlayFS { layers: [VfsPath { path: "", fs: VFS { fs: In Memory File System } }, VfsPath { path: "", fs: VFS { fs: AltrootFS { root: VfsPath { path: "", fs: VFS { fs: PhysicalFS { root: "C:\\Users\\innov\\AppData\\Local\\Temp\\hemtt\\IDSolutions_forge_arma_mod\\hemtt_binarize_output" } } } } } }, VfsPath { path: "", fs: VFS { fs: AltrootFS { root: VfsPath { path: "", fs: VFS { fs: PhysicalFS { root: "F:\\IDSolutions\\forge\\arma\\mod" } } } } } }] } } }
2026-05-31T21:54:55.337147Z TRACE ThreadId(01) config.cpp: VfsPath { path: "/addons/main/config.cpp", fs: VFS { fs: OverlayFS { layers: [VfsPath { path: "", fs: VFS { fs: In Memory File System } }, VfsPath { path: "", fs: VFS { fs: AltrootFS { root: VfsPath { path: "", fs: VFS { fs: PhysicalFS { root: "C:\\Users\\innov\\AppData\\Local\\Temp\\hemtt\\IDSolutions_forge_arma_mod\\hemtt_binarize_output" } } } } } }, VfsPath { path: "", fs: VFS { fs: AltrootFS { root: VfsPath { path: "", fs: VFS { fs: PhysicalFS { root: "F:\\IDSolutions\\forge\\arma\\mod" } } } } } }] } } }
2026-05-31T21:54:55.337797Z TRACE ThreadId(01) config.cpp: VfsPath { path: "/addons/task/config.cpp", fs: VFS { fs: OverlayFS { layers: [VfsPath { path: "", fs: VFS { fs: In Memory File System } }, VfsPath { path: "", fs: VFS { fs: AltrootFS { root: VfsPath { path: "", fs: VFS { fs: PhysicalFS { root: "C:\\Users\\innov\\AppData\\Local\\Temp\\hemtt\\IDSolutions_forge_arma_mod\\hemtt_binarize_output" } } } } } }, VfsPath { path: "", fs: VFS { fs: AltrootFS { root: VfsPath { path: "", fs: VFS { fs: PhysicalFS { root: "F:\\IDSolutions\\forge\\arma\\mod" } } } } } }] } } }
2026-05-31T21:54:55.337905Z TRACE ThreadId(01) Prefix: VfsPath { path: "/addons/task/$PBOPREFIX$", fs: VFS { fs: OverlayFS { layers: [VfsPath { path: "", fs: VFS { fs: In Memory File System } }, VfsPath { path: "", fs: VFS { fs: AltrootFS { root: VfsPath { path: "", fs: VFS { fs: PhysicalFS { root: "C:\\Users\\innov\\AppData\\Local\\Temp\\hemtt\\IDSolutions_forge_arma_mod\\hemtt_binarize_output" } } } } } }, VfsPath { path: "", fs: VFS { fs: AltrootFS { root: VfsPath { path: "", fs: VFS { fs: PhysicalFS { root: "F:\\IDSolutions\\forge\\arma\\mod" } } } } } }] } } }
2026-05-31T21:54:55.338519Z TRACE ThreadId(01) checking for version macro in VfsPath { path: "/addons/main/script_version.hpp", fs: VFS { fs: OverlayFS { layers: [VfsPath { path: "", fs: VFS { fs: In Memory File System } }, VfsPath { path: "", fs: VFS { fs: AltrootFS { root: VfsPath { path: "", fs: VFS { fs: PhysicalFS { root: "C:\\Users\\innov\\AppData\\Local\\Temp\\hemtt\\IDSolutions_forge_arma_mod\\hemtt_binarize_output" } } } } } }, VfsPath { path: "", fs: VFS { fs: AltrootFS { root: VfsPath { path: "", fs: VFS { fs: PhysicalFS { root: "F:\\IDSolutions\\forge\\arma\\mod" } } } } } }] } } }
2026-05-31T21:54:55.338844Z  INFO ThreadId(01) Config loaded for forge-mod 1.0.0.0
2026-05-31T21:54:55.338914Z TRACE ThreadId(01) Scanning F:\IDSolutions\forge\arma\mod\addons for addons
2026-05-31T21:54:55.341092Z DEBUG ThreadId(01) using global config directory: "C:\\Users\\innov\\AppData\\Roaming\\hemtt"
2026-05-31T21:54:55.341245Z  INFO ThreadId(01) Creating `build` version
2026-05-31T21:54:55.341273Z TRACE ThreadId(01) phase: init (BOM Check) (start)
2026-05-31T21:54:55.341287Z TRACE ThreadId(01) phase: init (BOM Check) (done)
2026-05-31T21:54:55.341293Z TRACE ThreadId(01) phase: init (Final New Line Check) (start)
2026-05-31T21:54:55.341299Z TRACE ThreadId(01) phase: init (Final New Line Check) (done)
2026-05-31T21:54:55.341306Z TRACE ThreadId(01) phase: init (git) (start)
2026-05-31T21:54:55.341313Z TRACE ThreadId(01) phase: init (git) (done)
2026-05-31T21:54:55.341319Z TRACE ThreadId(01) phase: init (Hooks) (start)
2026-05-31T21:54:55.341357Z TRACE ThreadId(01) no hooks folder
2026-05-31T21:54:55.341367Z TRACE ThreadId(01) phase: init (Hooks) (done)
2026-05-31T21:54:55.341373Z TRACE ThreadId(01) phase: init (pboprefix) (start)
2026-05-31T21:54:55.341379Z TRACE ThreadId(01) phase: init (pboprefix) (done)
2026-05-31T21:54:55.341384Z TRACE ThreadId(01) phase: init (Binarize) (start)
2026-05-31T21:54:55.341402Z TRACE ThreadId(01) Using Binarize path from registry
2026-05-31T21:54:55.342876Z TRACE ThreadId(01) junction link "C:\\Users\\innov\\AppData\\Local\\Temp\\hemtt\\IDSolutions_forge_arma_mod\\forge\\forge_mod\\addons\\common" => "F:\\IDSolutions\\forge\\arma\\mod\\addons\\common"
2026-05-31T21:54:55.361057Z TRACE ThreadId(01) junction link "C:\\Users\\innov\\AppData\\Local\\Temp\\hemtt\\IDSolutions_forge_arma_mod\\forge\\forge_mod\\addons\\main" => "F:\\IDSolutions\\forge\\arma\\mod\\addons\\main"
2026-05-31T21:54:55.378239Z TRACE ThreadId(01) junction link "C:\\Users\\innov\\AppData\\Local\\Temp\\hemtt\\IDSolutions_forge_arma_mod\\forge\\forge_mod\\addons\\task" => "F:\\IDSolutions\\forge\\arma\\mod\\addons\\task"
2026-05-31T21:54:55.395326Z TRACE ThreadId(01) phase: init (Binarize) (done)
2026-05-31T21:54:55.395349Z TRACE ThreadId(01) phase: init (tex_headers) (start)
2026-05-31T21:54:55.395356Z TRACE ThreadId(01) phase: init (tex_headers) (done)
2026-05-31T21:54:55.395362Z TRACE ThreadId(01) phase: init (Files) (start)
2026-05-31T21:54:55.395367Z TRACE ThreadId(01) phase: init (Files) (done)
2026-05-31T21:54:55.395377Z TRACE ThreadId(01) phase: init (Meta) (start)
2026-05-31T21:54:55.395383Z TRACE ThreadId(01) phase: init (Meta) (done)
2026-05-31T21:54:55.395389Z TRACE ThreadId(01) phase: init (summary) (start)
2026-05-31T21:54:55.395394Z TRACE ThreadId(01) phase: init (summary) (done)
2026-05-31T21:54:55.395400Z TRACE ThreadId(01) phase: init (Rapifier) (start)
2026-05-31T21:54:55.395405Z TRACE ThreadId(01) phase: init (Rapifier) (done)
2026-05-31T21:54:55.395411Z TRACE ThreadId(01) phase: init (SQF) (start)
2026-05-31T21:54:55.902806Z TRACE ThreadId(01) phase: init (SQF) (done)
2026-05-31T21:54:55.902831Z TRACE ThreadId(01) phase: init (Stringtables) (start)
2026-05-31T21:54:55.902838Z TRACE ThreadId(01) phase: init (Stringtables) (done)
2026-05-31T21:54:55.902844Z TRACE ThreadId(01) phase: check (BOM Check) (start)
2026-05-31T21:54:55.903573Z TRACE ThreadId(01) phase: check (BOM Check) (done)
2026-05-31T21:54:55.903588Z TRACE ThreadId(01) phase: check (Final New Line Check) (start)
2026-05-31T21:54:55.904299Z TRACE ThreadId(01) phase: check (Final New Line Check) (done)
2026-05-31T21:54:55.904311Z TRACE ThreadId(01) phase: check (git) (start)
2026-05-31T21:54:55.912003Z TRACE ThreadId(01) phase: check (git) (done)
2026-05-31T21:54:55.912024Z TRACE ThreadId(01) phase: check (Hooks) (start)
2026-05-31T21:54:55.912031Z TRACE ThreadId(01) phase: check (Hooks) (done)
2026-05-31T21:54:55.912037Z TRACE ThreadId(01) phase: check (pboprefix) (start)
2026-05-31T21:54:55.912046Z TRACE ThreadId(01) Checking prefixes against expected project path: forge\forge_mod\
2026-05-31T21:54:55.912411Z TRACE ThreadId(01) phase: check (pboprefix) (done)
2026-05-31T21:54:55.912433Z TRACE ThreadId(01) phase: check (Binarize) (start)
2026-05-31T21:54:55.915508Z  INFO ThreadId(01) Validated 0 files for binarization
2026-05-31T21:54:55.915525Z TRACE ThreadId(01) phase: check (Binarize) (done)
2026-05-31T21:54:55.915532Z TRACE ThreadId(01) phase: check (tex_headers) (start)
2026-05-31T21:54:55.915538Z TRACE ThreadId(01) phase: check (tex_headers) (done)
2026-05-31T21:54:55.915544Z TRACE ThreadId(01) phase: check (Files) (start)
2026-05-31T21:54:55.915549Z TRACE ThreadId(01) phase: check (Files) (done)
2026-05-31T21:54:55.915555Z TRACE ThreadId(01) phase: check (Meta) (start)
2026-05-31T21:54:55.915560Z TRACE ThreadId(01) phase: check (Meta) (done)
2026-05-31T21:54:55.915566Z TRACE ThreadId(01) phase: check (summary) (start)
2026-05-31T21:54:55.915571Z TRACE ThreadId(01) phase: check (summary) (done)
2026-05-31T21:54:55.915576Z TRACE ThreadId(01) phase: check (Rapifier) (start)
2026-05-31T21:54:55.915636Z TRACE ThreadId(01) phase: check (Rapifier) (done)
2026-05-31T21:54:55.915644Z TRACE ThreadId(01) phase: check (SQF) (start)
2026-05-31T21:54:55.915701Z TRACE ThreadId(01) phase: check (SQF) (done)
2026-05-31T21:54:55.915709Z TRACE ThreadId(01) phase: check (Stringtables) (start)
2026-05-31T21:54:55.915738Z TRACE ThreadId(01) phase: check (Stringtables) (done)
2026-05-31T21:54:55.915746Z TRACE ThreadId(01) phase: pre_build (BOM Check) (start)
2026-05-31T21:54:55.915752Z TRACE ThreadId(01) phase: pre_build (BOM Check) (done)
2026-05-31T21:54:55.915757Z TRACE ThreadId(01) phase: pre_build (Final New Line Check) (start)
2026-05-31T21:54:55.915763Z TRACE ThreadId(01) phase: pre_build (Final New Line Check) (done)
2026-05-31T21:54:55.915768Z TRACE ThreadId(01) phase: pre_build (git) (start)
2026-05-31T21:54:55.915774Z TRACE ThreadId(01) phase: pre_build (git) (done)
2026-05-31T21:54:55.915779Z TRACE ThreadId(01) phase: pre_build (Hooks) (start)
2026-05-31T21:54:55.915788Z TRACE ThreadId(01) phase: pre_build (Hooks) (done)
2026-05-31T21:54:55.915794Z TRACE ThreadId(01) phase: pre_build (pboprefix) (start)
2026-05-31T21:54:55.915799Z TRACE ThreadId(01) phase: pre_build (pboprefix) (done)
2026-05-31T21:54:55.915805Z TRACE ThreadId(01) phase: pre_build (Binarize) (start)
2026-05-31T21:54:55.916066Z  INFO ThreadId(01) Binarized 0 files
2026-05-31T21:54:55.916083Z TRACE ThreadId(01) phase: pre_build (Binarize) (done)
2026-05-31T21:54:55.916090Z TRACE ThreadId(01) phase: pre_build (tex_headers) (start)
2026-05-31T21:54:55.917714Z  INFO ThreadId(01) Generated 0 texture headers
2026-05-31T21:54:55.917732Z TRACE ThreadId(01) phase: pre_build (tex_headers) (done)
2026-05-31T21:54:55.917740Z TRACE ThreadId(01) phase: pre_build (Files) (start)
2026-05-31T21:54:55.917746Z TRACE ThreadId(01) phase: pre_build (Files) (done)
2026-05-31T21:54:55.917752Z TRACE ThreadId(01) phase: pre_build (Meta) (start)
2026-05-31T21:54:55.917757Z TRACE ThreadId(01) phase: pre_build (Meta) (done)
2026-05-31T21:54:55.917762Z TRACE ThreadId(01) phase: pre_build (summary) (start)
2026-05-31T21:54:55.917768Z TRACE ThreadId(01) phase: pre_build (summary) (done)
2026-05-31T21:54:55.917773Z TRACE ThreadId(01) phase: pre_build (Rapifier) (start)
2026-05-31T21:54:55.968036Z  INFO ThreadId(01) Rapified 3 addon configs
2026-05-31T21:54:55.968099Z TRACE ThreadId(01) phase: pre_build (Rapifier) (done)
2026-05-31T21:54:55.968114Z TRACE ThreadId(01) phase: pre_build (SQF) (start)
2026-05-31T21:54:55.972242Z  INFO ThreadId(01) Compiled 0 sqf files
2026-05-31T21:54:55.972310Z TRACE ThreadId(01) phase: pre_build (SQF) (done)
2026-05-31T21:54:55.972321Z TRACE ThreadId(01) phase: pre_build (Stringtables) (start)
2026-05-31T21:54:55.974769Z  INFO ThreadId(01) Checked 0 stringtables
2026-05-31T21:54:55.974796Z TRACE ThreadId(01) phase: pre_build (Stringtables) (done)
2026-05-31T21:54:55.974805Z TRACE ThreadId(01) phase: build (start)
2026-05-31T21:54:55.977172Z DEBUG ThreadId(01) creating "F:\\IDSolutions\\forge\\arma\\mod\\.hemttout\\build\\addons"
2026-05-31T21:54:55.978859Z DEBUG ThreadId(01) building "addons/common" => "F:\\IDSolutions\\forge\\arma\\mod\\.hemttout\\build\\addons\\forge_mod_common.pbo"
2026-05-31T21:54:55.979506Z TRACE ThreadId(01) adding file "CfgVehicles.hpp"
2026-05-31T21:54:55.979625Z TRACE ThreadId(01) adding file "config.bin"
2026-05-31T21:54:55.980088Z TRACE ThreadId(01) adding file "script_component.hpp"
2026-05-31T21:54:55.981369Z DEBUG ThreadId(01) "F:\\IDSolutions\\forge\\arma\\mod\\.hemttout\\build\\addons" already exists
2026-05-31T21:54:55.981388Z DEBUG ThreadId(01) building "addons/main" => "F:\\IDSolutions\\forge\\arma\\mod\\.hemttout\\build\\addons\\forge_mod_main.pbo"
2026-05-31T21:54:55.982475Z TRACE ThreadId(01) adding file "script_version.hpp"
2026-05-31T21:54:55.982645Z TRACE ThreadId(01) adding file "script_component.hpp"
2026-05-31T21:54:55.982736Z TRACE ThreadId(01) adding file "config.bin"
2026-05-31T21:54:55.982838Z TRACE ThreadId(01) adding file "script_macros.hpp"
2026-05-31T21:54:55.983003Z TRACE ThreadId(01) adding file "script_mod.hpp"
2026-05-31T21:54:55.984276Z DEBUG ThreadId(01) "F:\\IDSolutions\\forge\\arma\\mod\\.hemttout\\build\\addons" already exists
2026-05-31T21:54:55.984294Z DEBUG ThreadId(01) building "addons/task" => "F:\\IDSolutions\\forge\\arma\\mod\\.hemttout\\build\\addons\\forge_mod_task.pbo"
2026-05-31T21:54:55.984856Z TRACE ThreadId(01) adding file "config.bin"
2026-05-31T21:54:55.984953Z TRACE ThreadId(01) adding file "CfgFactionClasses.hpp"
2026-05-31T21:54:55.985397Z TRACE ThreadId(01) adding file "CfgVehicles.hpp"
2026-05-31T21:54:55.985643Z TRACE ThreadId(01) adding file "script_component.hpp"
2026-05-31T21:54:55.987908Z  INFO ThreadId(01) Built 3 PBOs
2026-05-31T21:54:55.987946Z TRACE ThreadId(01) phase: build (done)
2026-05-31T21:54:55.987958Z TRACE ThreadId(01) phase: post_build (BOM Check) (start)
2026-05-31T21:54:55.987965Z TRACE ThreadId(01) phase: post_build (BOM Check) (done)
2026-05-31T21:54:55.987971Z TRACE ThreadId(01) phase: post_build (Final New Line Check) (start)
2026-05-31T21:54:55.987977Z TRACE ThreadId(01) phase: post_build (Final New Line Check) (done)
2026-05-31T21:54:55.987983Z TRACE ThreadId(01) phase: post_build (git) (start)
2026-05-31T21:54:55.987988Z TRACE ThreadId(01) phase: post_build (git) (done)
2026-05-31T21:54:55.987994Z TRACE ThreadId(01) phase: post_build (Hooks) (start)
2026-05-31T21:54:55.988000Z TRACE ThreadId(01) phase: post_build (Hooks) (done)
2026-05-31T21:54:55.988005Z TRACE ThreadId(01) phase: post_build (pboprefix) (start)
2026-05-31T21:54:55.988010Z TRACE ThreadId(01) phase: post_build (pboprefix) (done)
2026-05-31T21:54:55.988016Z TRACE ThreadId(01) phase: post_build (Binarize) (start)
2026-05-31T21:54:55.988021Z TRACE ThreadId(01) phase: post_build (Binarize) (done)
2026-05-31T21:54:55.988027Z TRACE ThreadId(01) phase: post_build (tex_headers) (start)
2026-05-31T21:54:55.988033Z TRACE ThreadId(01) phase: post_build (tex_headers) (done)
2026-05-31T21:54:55.988038Z TRACE ThreadId(01) phase: post_build (Files) (start)
2026-05-31T21:54:55.996916Z DEBUG ThreadId(01) copying "/meta.cpp" => "F:\\IDSolutions\\forge\\arma\\mod\\.hemttout\\build\\meta.cpp"
2026-05-31T21:54:56.002665Z DEBUG ThreadId(01) copying "/icon_128_ca.paa" => "F:\\IDSolutions\\forge\\arma\\mod\\.hemttout\\build\\icon_128_ca.paa"
2026-05-31T21:54:56.004266Z DEBUG ThreadId(01) copying "/LICENSE.md" => "F:\\IDSolutions\\forge\\arma\\mod\\.hemttout\\build\\LICENSE.md"
2026-05-31T21:54:56.005991Z DEBUG ThreadId(01) copying "/icon_128_highlight_ca.paa" => "F:\\IDSolutions\\forge\\arma\\mod\\.hemttout\\build\\icon_128_highlight_ca.paa"
2026-05-31T21:54:56.007332Z DEBUG ThreadId(01) copying "/icon_64_ca.paa" => "F:\\IDSolutions\\forge\\arma\\mod\\.hemttout\\build\\icon_64_ca.paa"
2026-05-31T21:54:56.008496Z DEBUG ThreadId(01) copying "/mod.cpp" => "F:\\IDSolutions\\forge\\arma\\mod\\.hemttout\\build\\mod.cpp"
2026-05-31T21:54:56.009946Z DEBUG ThreadId(01) copying "/README.md" => "F:\\IDSolutions\\forge\\arma\\mod\\.hemttout\\build\\README.md"
2026-05-31T21:54:56.011131Z DEBUG ThreadId(01) copying "/title_ca.paa" => "F:\\IDSolutions\\forge\\arma\\mod\\.hemttout\\build\\title_ca.paa"
2026-05-31T21:54:56.017819Z  INFO ThreadId(01) Copied 8 files
2026-05-31T21:54:56.017853Z TRACE ThreadId(01) phase: post_build (Files) (done)
2026-05-31T21:54:56.017862Z TRACE ThreadId(01) phase: post_build (Meta) (start)
2026-05-31T21:54:56.017868Z TRACE ThreadId(01) phase: post_build (Meta) (done)
2026-05-31T21:54:56.017873Z TRACE ThreadId(01) phase: post_build (summary) (start)
2026-05-31T21:54:56.019559Z TRACE ThreadId(01) phase: post_build (summary) (done)
2026-05-31T21:54:56.019576Z TRACE ThreadId(01) phase: post_build (Rapifier) (start)
2026-05-31T21:54:56.019583Z TRACE ThreadId(01) phase: post_build (Rapifier) (done)
2026-05-31T21:54:56.019590Z TRACE ThreadId(01) phase: post_build (SQF) (start)
2026-05-31T21:54:56.019598Z TRACE ThreadId(01) phase: post_build (SQF) (done)
2026-05-31T21:54:56.019604Z TRACE ThreadId(01) phase: post_build (Stringtables) (start)
2026-05-31T21:54:56.019610Z TRACE ThreadId(01) phase: post_build (Stringtables) (done)
2026-05-31T21:54:56.023516Z TRACE ThreadId(01) writing ci annotations to .hemttout/ci_annotations.txt
2026-05-31T21:54:56.023595Z TRACE ThreadId(01) wrote 0 ci annotations to .hemttout/ci_annotations.txt
